============================= test session starts ==============================
platform darwin -- Python 3.8.6, pytest-6.2.2, py-1.10.0, pluggy-0.13.1 -- /Users/adammcquistan/code/aws/sam/sam-cicd/venv/bin/python
cachedir: .pytest_cache
rootdir: /Users/adammcquistan/code/aws/sam/sam-cicd
plugins: mock-3.5.1
collecting ... collected 2 items

tests/unit/test_handler.py::test_lambda_handler_success PASSED           [ 50%]
tests/unit/test_handler.py::test_lambda_handler_fail PASSED              [100%]

============================== 2 passed in 0.06s ===============================
